// Jest Snapshot v1, https://goo.gl/fbAQLP

exports[`snapshot test 1`] = `
<div
  className="App"
>
  <header
    className="App-header"
  >
    <img
      alt="logo"
      className="App-logo"
      src="logo.svg"
    />
    <h1
      className="App-title"
    >
      Welcome to React
    </h1>
  </header>
  <p
    className="App-intro"
  >
    To get started, edit 
    <code>
      src/App.js
    </code>
     and save to reload.
    <ContextProvider
      value={
        Object {
          "attr": Object {
            "focusable": "false",
          },
          "className": "global-class-name",
          "color": "blue",
        }
      }
    >
      <MdAccessibility />
      <FaFolder
        className="additional-class-name"
        color="red"
        title="folder icon"
      />
    </ContextProvider>
    <MdAccessibility />
    <FaFolder />
    <TiArrowDown
      title="arrow down icon"
    />
    <GrGrommet />
  </p>
</div>
`;
